main:
  push BP
  i2i SP => BP
  addI SP, 0 => SP
  loadI 4 => R0
  i2i R0 => RET
  jump l0
l0:
  i2i BP => SP
  pop BP
  return
RETURN VALUE = 4
