main:
  push BP
  i2i SP => BP
  addI SP, -8 => SP
  loadI 2 => R0
  loadI 3 => R1
  loadI 4 => R2
  mult R1, R2 => R1
  add R0, R1 => R0
  storeAI R0 => [BP-8]
  loadAI [BP-8] => R0
  loadI 4 => R1
  loadI 2 => R2
  div R1, R2 => R1
  sub R0, R1 => R0
  storeAI R0 => [BP-8]
  loadAI [BP-8] => R0
  loadI 3 => R1
  mult R0, R1 => R0
  loadI 4 => R1
  add R0, R1 => R0
  storeAI R0 => [BP-8]
  loadAI [BP-8] => R0
  i2i R0 => RET
  jump l0
l0:
  i2i BP => SP
  pop BP
  return
RETURN VALUE = 40
