         #
        ###
       #####
      #######
     #########
    ###########
   #############
  ###############
 #################
###################
2
RETURN VALUE = 1
