Program [line 1]
SYM TABLE:
 print_int : (int) -> void
 print_bool : (bool) -> void
 print_str : (str) -> void
 main : () -> int
 i : int
 b : bool

  FuncDecl name="main" return_type=int parameters={} [line 3]
  SYM TABLE:

    Block [line 4]
    SYM TABLE:
     j : int
     c : bool

