Invalid 'void' variable 'i' on line '1'
Invalid array variable 'arr' of size 0 on line '3'
Invalid variable with name 'main' on line '4'
