Program [line 1]
  FuncDecl name="add" return_type=int parameters={x:int,y:int} [line 1]
    Block [line 2]
      Return [line 3]
        Binaryop op="+" [line 3]
          Location name="x" [line 3]
          Location name="y" [line 3]
  FuncDecl name="main" return_type=int parameters={} [line 6]
    Block [line 7]
      VarDecl name="a" type=int is_array=no array_length=1 [line 8]
      Assignment [line 9]
        Location name="a" [line 9]
        Literal type=int value=3 [line 9]
      Return [line 10]
        FuncCall name="add" [line 10]
          Location name="a" [line 10]
          Literal type=int value=2 [line 10]
          